0 20000000 1fffffff 3fffffff
0 e0000000 1fffffff ffffffff